18
2 155 509 145 2 25 4 1 24 4 907 28 623 0 1 2 4 14 