193
2 195 2 998 2 623 2 3 2 2 1 17 2 8 4 2 148 2 2 4 18 0 0 3 2 1069 4 3 4 4 80 0 4 29 848 618 1 18 4 8 22 19 4 852 996 401 1 4 13 3 26 3 0 3 2 0 2 1 0 4 3 17 827 808 1014 3 1 22 1192 1 1011 3 0 0 2 3 3 136 146 0 4 2 575 8 4 2 4 3 23 18 0 2 553 159 8 1 13 18 4 2 2 152 386 600 1181 726 1147 539 279 0 3 22 4 117 4 3 1 2 1069 25 14 18 2 2 93 4 4 70 141 969 1 3 22 4 0 3 3 4 943 285 163 998 0 3 3 1 4 0 8 2 22 739 10 3 2 2 2 24 846 308 171 1 19 22 89 551 2 29 1050 587 14 2 1026 2 2 85 82 4 111 4 4 13 1053 172 2 156 2 23 89 909 1008 761 1149 