16
222 3 3 4 340 3 144 4 93 958 709 2 2 10 1206 843 