184
147 4 1083 544 4 143 1134 2 1006 3 547 0 2 1 3 2 0 1 1 2 390 143 0 0 3 0 2 3 3 4 2 3 2 2 1212 2 23 2 996 3 13 2 2 18 4 806 1060 971 669 0 3 14 1125 360 13 1 4 4 0 17 391 1118 1 60 794 91 3 2 3 0 773 3 1 1 22 14 0 0 85 851 161 2 195 1119 1208 2 95 2 1030 570 1 2 873 747 938 2 1 4 0 145 4 1096 148 2 555 3 3 4 2 204 4 3 1004 0 149 3 86 4 1 3 2 858 0 63 3 4 22 0 27 780 1173 143 0 624 159 0 26 2 2 131 0 2 1 4 882 264 2 2 0 1039 843 823 552 1 2 4 0 1079 1131 1154 70 393 346 2 2 14 2 0 19 3 4 0 4 155 883 4 145 1162 125 4 2 1140 70 176 