202
56 2 672 27 2 24 1 118 1 0 0 2 449 1 4 10 1 2 4 4 593 386 1161 4 3 4 4 4 29 828 18 4 4 29 22 2 2 204 819 0 138 2 2 4 1 0 2 0 70 2 17 2 4 22 2 847 143 4 3 17 507 1097 14 4 2 213 79 1019 161 2 1 1 4 2 1091 739 1217 1 22 22 46 769 703 3 4 146 81 2 17 2 622 3 15 4 1 2 4 3 2 993 4 1 0 0 854 1128 1 0 18 1 681 2 127 14 4 2 4 0 4 4 879 25 1 0 2 15 1 2 2 2 18 2 2 8 0 2 38 25 19 1 2 3 4 178 3 126 1 13 8 22 60 3 0 15 4 13 4 428 153 13 10 1140 553 1103 832 3 15 4 4 147 285 3 1 0 4 3 0 14 1 4 1037 4 145 25 19 4 4 1 4 35 2 1187 4 0 3 0 629 151 0 1 2 4 