22
178 3 13 2 3 0 15 877 2 2 4 2 725 25 4 3 4 13 24 3 0 841 