186
4 0 877 237 3 104 854 551 587 4 70 437 0 0 10 316 0 1 4 762 24 10 0 2 19 4 4 1 4 1058 317 126 2 14 18 845 1 14 4 579 1210 0 0 4 0 0 151 1104 10 2 4 3 24 284 3 1 2 0 18 2 10 3 4 972 222 1 1 1 0 1036 3 4 4 674 1010 25 4 3 18 1127 786 93 0 38 1226 0 15 0 1 154 169 4 4 0 4 596 3 4 2 4 28 29 1 1 2 4 4 13 4 655 629 2 127 94 1084 677 148 2 2 1 0 4 618 161 1195 116 42 2 2 114 149 4 153 580 1197 2 4 2 25 22 10 886 22 4 3 4 23 769 1 0 18 2 1 1 0 4 2 2 449 3 0 24 2 0 2 22 25 394 1 22 0 891 146 157 435 8 0 2 1 22 0 0 3 4 1195 2 