41 38 44 8 32 46 60 27 55 56 37 9 24 40 11 51 50 31 30 29 15 39 10 54 47 22 5 58 6 49 48 45 1 13 7 12 57 23 43 35 53 14 20 42 21 36 2 52 17 59 33 3 4 25 18 16 26 19 28 34 