4 18 5 19 11 12 13 9 10 3 17 7 8 1 16 20 2 15 14 6 