12 10 15 14 11 9 16 7 6 4 18 13 3 24 23 20 21 19 1 5 22 8 2 17 