19 3 15 14 6 4 16 2 17 9 20 12 11 18 5 7 8 13 10 1 