65 16 49 5 14 23 84 78 82 28 20 81 62 25 37 51 71 33 80 39 22 70 44 40 42 79 10 83 55 46 67 13 86 1 34 87 90 6 2 8 50 72 18 41 45 4 75 35 38 59 63 3 32 15 26 69 47 52 56 68 19 64 30 24 53 12 76 21 60 57 54 61 85 43 7 17 29 48 74 77 31 66 27 89 88 36 73 9 58 11 