YES
3 12 25 107 111 175 183 190 262 303 304 312 344 356 386 399 429 463 487 610 678 699 702 