YES
12 35 97 119 127 151 192 201 206 237 245 250 299 323 365 399 489 520 528 530 550 561 562 601 671 688 724 727 766 806 