YES
28 119 284 436 444 522 588 672 677 678 765 860 869 